{
  "sample_class": "REAL_ARCHIVE_LOCAL_HTTP_REPLAY",
  "list_count": 2,
  "details": [
    {
      "source_url": "https://www.court.gov.cn/shenpan/xiangqing/490481.html",
      "title": "指导性案例275号：江苏省金某种业科技有限公司诉江苏亲某农业产业发展有限公司侵害植物新品种权纠纷案",
      "body_chars": 2579,
      "matches_archived": true
    },
    {
      "source_url": "https://www.court.gov.cn/shenpan/xiangqing/490491.html",
      "title": "指导性案例276号：诺某股份有限公司诉国家知识产权局、第三人戴某良发明专利权无效行政纠纷案",
      "body_chars": 4212,
      "matches_archived": true
    },
    {
      "source_url": "https://www.court.gov.cn/shenpan/xiangqing/490501.html",
      "title": "指导性案例277号：江苏宏某旋转补偿器科技有限公司诉江苏远某波纹管有限公司等侵害发明专利权纠纷案",
      "body_chars": 4800,
      "matches_archived": true
    },
    {
      "source_url": "https://www.court.gov.cn/shenpan/xiangqing/490511.html",
      "title": "指导性案例278号：福建恒某科技有限公司诉泉州日某流量仪器仪表有限公司因恶意提起知识产权诉讼损害责任纠纷案",
      "body_chars": 2937,
      "matches_archived": true
    },
    {
      "source_url": "https://www.court.gov.cn/shenpan/xiangqing/490521.html",
      "title": "指导性案例279号：西某工业软件有限公司诉广州沃某模具有限公司侵害计算机软件著作权纠纷案",
      "body_chars": 2959,
      "matches_archived": true
    }
  ],
  "edges": [
    {
      "parent_url": "https://www.court.gov.cn/shenpan/gengduo/77.html",
      "detail_url": "https://www.court.gov.cn/shenpan/xiangqing/490481.html"
    },
    {
      "parent_url": "https://www.court.gov.cn/shenpan/gengduo/77.html",
      "detail_url": "https://www.court.gov.cn/shenpan/xiangqing/490491.html"
    },
    {
      "parent_url": "https://www.court.gov.cn/shenpan/gengduo/77.html",
      "detail_url": "https://www.court.gov.cn/shenpan/xiangqing/490501.html"
    },
    {
      "parent_url": "https://www.court.gov.cn/shenpan/gengduo/77.html",
      "detail_url": "https://www.court.gov.cn/shenpan/xiangqing/490511.html"
    },
    {
      "parent_url": "https://www.court.gov.cn/shenpan/gengduo/77.html",
      "detail_url": "https://www.court.gov.cn/shenpan/xiangqing/490521.html"
    }
  ],
  "requests": [
    {
      "url": "https://www.court.gov.cn/shenpan/gengduo/77.html",
      "status": 200,
      "at_monotonic": 711004.984285208
    },
    {
      "url": "https://www.court.gov.cn/shenpan/xiangqing/490481.html",
      "status": 200,
      "at_monotonic": 711007.986198291
    },
    {
      "url": "https://www.court.gov.cn/shenpan/xiangqing/490491.html",
      "status": 200,
      "at_monotonic": 711010.987197375
    },
    {
      "url": "https://www.court.gov.cn/shenpan/xiangqing/490501.html",
      "status": 200,
      "at_monotonic": 711013.988501833
    },
    {
      "url": "https://www.court.gov.cn/shenpan/xiangqing/490511.html",
      "status": 200,
      "at_monotonic": 711016.987503458
    },
    {
      "url": "https://www.court.gov.cn/shenpan/xiangqing/490521.html",
      "status": 200,
      "at_monotonic": 711019.988979166
    },
    {
      "url": "https://www.court.gov.cn/shenpan/gengduo/77_2.html",
      "status": 200,
      "at_monotonic": 711022.989579625
    }
  ],
  "external_requests": 0,
  "request_count": 7,
  "elapsed_s": 18.6081244579982,
  "all_bodies_match_archived": true
}
