{
  "details": [
    {
      "target": "A_detail_1",
      "title_exact": true,
      "date_exact": true,
      "body_exact": true,
      "body_chars_non_whitespace": 2905,
      "title_oracle": "指导性案例279号：西某工业软件有限公司诉广州沃某模具有限公司侵害计算机软件著作权纠纷案",
      "date_oracle": "2026-02-28",
      "body_marker": "<div class=\"txt_txt\">",
      "body_oracle_sha256": "a176cb2558ff8355ec00bc0dfb6058c127dc2cdade32c03d78d96bf156e1b45b",
      "raw_sha256": "9561ff2c7826f3c39b7f56226d99a2b0f4e4907068526d112c61f497be39c55c",
      "attachments_exact": true,
      "attachments_expected": 0,
      "generic": {
        "title_exact": true,
        "date_exact": true,
        "body_exact": true,
        "expected_segments": 19,
        "segments_present": 19,
        "body_chars": 2945
      }
    },
    {
      "target": "A_detail_2",
      "title_exact": true,
      "date_exact": true,
      "body_exact": true,
      "body_chars_non_whitespace": 2877,
      "title_oracle": "指导性案例278号：福建恒某科技有限公司诉泉州日某流量仪器仪表有限公司因恶意提起知识产权诉讼损害责任纠纷案",
      "date_oracle": "2026-02-28",
      "body_marker": "<div class=\"txt_txt\">",
      "body_oracle_sha256": "e8a57546fce6ad5e1c708d1340847d6884a039fb1e3f11a0868a5196426af890",
      "raw_sha256": "fa919ad86d193dcaab2944cea9bb770b1542b96be113a1a5474e90f573c99c8f",
      "attachments_exact": true,
      "attachments_expected": 0,
      "generic": {
        "title_exact": true,
        "date_exact": true,
        "body_exact": true,
        "expected_segments": 21,
        "segments_present": 21,
        "body_chars": 2923
      }
    },
    {
      "target": "A_detail_3",
      "title_exact": true,
      "date_exact": true,
      "body_exact": true,
      "body_chars_non_whitespace": 4696,
      "title_oracle": "指导性案例277号：江苏宏某旋转补偿器科技有限公司诉江苏远某波纹管有限公司等侵害发明专利权纠纷案",
      "date_oracle": "2026-02-28",
      "body_marker": "<div class=\"txt_txt\">",
      "body_oracle_sha256": "d680ad382f3eb37ac9b144b822a6242b874b73c7d9fa64fdce79201b16c3452e",
      "raw_sha256": "e75734d0d4a488456673744b5ef55bc30d6eedd480e37a0d2d3d62e2747865f5",
      "attachments_exact": true,
      "attachments_expected": 0,
      "generic": {
        "title_exact": true,
        "date_exact": true,
        "body_exact": true,
        "expected_segments": 21,
        "segments_present": 21,
        "body_chars": 4722
      }
    },
    {
      "target": "A_detail_4",
      "title_exact": true,
      "date_exact": true,
      "body_exact": true,
      "body_chars_non_whitespace": 4156,
      "title_oracle": "指导性案例276号：诺某股份有限公司诉国家知识产权局、第三人戴某良发明专利权无效行政纠纷案",
      "date_oracle": "2026-02-28",
      "body_marker": "<div class=\"txt_txt\">",
      "body_oracle_sha256": "f225465b318cfd8922306520286eeb8da52ae62cc36ff1c19c50e6987f9ca152",
      "raw_sha256": "063805ef0dbf7722ce6e04ee4771f550f186211e00ffa74f9251145ef71d5103",
      "attachments_exact": true,
      "attachments_expected": 0,
      "generic": {
        "title_exact": true,
        "date_exact": true,
        "body_exact": true,
        "expected_segments": 20,
        "segments_present": 20,
        "body_chars": 4198
      }
    },
    {
      "target": "A_detail_5",
      "title_exact": true,
      "date_exact": true,
      "body_exact": true,
      "body_chars_non_whitespace": 2529,
      "title_oracle": "指导性案例275号：江苏省金某种业科技有限公司诉江苏亲某农业产业发展有限公司侵害植物新品种权纠纷案",
      "date_oracle": "2026-02-28",
      "body_marker": "<div class=\"txt_txt\">",
      "body_oracle_sha256": "b20fe798d81def854f4a8da049541697f12229833c4733c75c0a35eb6457b4f5",
      "raw_sha256": "9d6065c6571a8f2e189d76967c43506743c15d11eadbae7eed606cede883f05d",
      "attachments_exact": true,
      "attachments_expected": 0,
      "generic": {
        "title_exact": true,
        "date_exact": true,
        "body_exact": true,
        "expected_segments": 17,
        "segments_present": 17,
        "body_chars": 2567
      }
    },
    {
      "target": "B_detail_1",
      "title_exact": true,
      "date_exact": true,
      "body_exact": true,
      "body_chars_non_whitespace": 692,
      "title_oracle": "财政部发布2025年全国政府采购简要情况",
      "date_oracle": "2026-09-28",
      "body_marker": "<div class=\"vF_detail_content\">",
      "body_oracle_sha256": "352270dc70eb45ea013cada657cef32f8bda2f85a65ecc2a7680423e45ed672f",
      "raw_sha256": "af0b006f304839cdee6ecb875c6bfe4fb63f7bf886ff66dc543a0d8401260ead",
      "attachments_exact": true,
      "attachments_expected": 0,
      "generic": {
        "title_exact": false,
        "date_exact": true,
        "body_exact": false,
        "expected_segments": 4,
        "segments_present": 4,
        "body_chars": 754
      }
    },
    {
      "target": "H_detail_1",
      "title_exact": true,
      "date_exact": true,
      "body_exact": true,
      "body_chars_non_whitespace": 20825,
      "title_oracle": "第六十三批指导性案例",
      "date_oracle": "2026-08-05",
      "body_marker": "<div id=\"fontzoom\">",
      "body_oracle_sha256": "16041835fbeb92dc91591bb6eed55abe707f2fe52372717074864dcf66924f0b",
      "raw_sha256": "62848b6a4215bace30b54a9b094cb241d43125a40a01a7d60e3237be72aa9cae",
      "attachments_exact": true,
      "attachments_expected": 0,
      "generic": {
        "title_exact": false,
        "date_exact": true,
        "body_exact": false,
        "expected_segments": 170,
        "segments_present": 170,
        "body_chars": 20788
      }
    }
  ],
  "discovery": {
    "expected": 40,
    "found": 40,
    "matched": 40,
    "coverage": 1.0,
    "parent_edges": 5,
    "pagination_url_correct": true,
    "scope": "two archived pages only; whole-site discovery UNKNOWN",
    "live_discovery_to_fetch_e2e": "NOT_PROVEN; original details were seed targets"
  },
  "pdf": {
    "expected_rows": 111,
    "recovered_rows": 111,
    "matched_rows": 111,
    "ordered": true,
    "page_ranges": [
      [
        1,
        22
      ],
      [
        23,
        49
      ],
      [
        50,
        76
      ],
      [
        77,
        103
      ],
      [
        104,
        111
      ]
    ],
    "page_ranges_correct": true,
    "scope": "one born-digital 5-page table, not scanned/OCR/multi-column generalization"
  },
  "field_evidence": {
    "checked": 30,
    "valid": 30,
    "fields": [
      {
        "target": "A_detail_1",
        "field": "title",
        "quote_resolves": true,
        "snapshot_hash_linked": true
      },
      {
        "target": "A_detail_1",
        "field": "published_at",
        "quote_resolves": true,
        "snapshot_hash_linked": true
      },
      {
        "target": "A_detail_1",
        "field": "body_text",
        "quote_resolves": true,
        "snapshot_hash_linked": true
      },
      {
        "target": "A_detail_2",
        "field": "title",
        "quote_resolves": true,
        "snapshot_hash_linked": true
      },
      {
        "target": "A_detail_2",
        "field": "published_at",
        "quote_resolves": true,
        "snapshot_hash_linked": true
      },
      {
        "target": "A_detail_2",
        "field": "body_text",
        "quote_resolves": true,
        "snapshot_hash_linked": true
      },
      {
        "target": "A_detail_3",
        "field": "title",
        "quote_resolves": true,
        "snapshot_hash_linked": true
      },
      {
        "target": "A_detail_3",
        "field": "published_at",
        "quote_resolves": true,
        "snapshot_hash_linked": true
      },
      {
        "target": "A_detail_3",
        "field": "body_text",
        "quote_resolves": true,
        "snapshot_hash_linked": true
      },
      {
        "target": "A_detail_4",
        "field": "title",
        "quote_resolves": true,
        "snapshot_hash_linked": true
      },
      {
        "target": "A_detail_4",
        "field": "published_at",
        "quote_resolves": true,
        "snapshot_hash_linked": true
      },
      {
        "target": "A_detail_4",
        "field": "body_text",
        "quote_resolves": true,
        "snapshot_hash_linked": true
      },
      {
        "target": "A_detail_5",
        "field": "title",
        "quote_resolves": true,
        "snapshot_hash_linked": true
      },
      {
        "target": "A_detail_5",
        "field": "published_at",
        "quote_resolves": true,
        "snapshot_hash_linked": true
      },
      {
        "target": "A_detail_5",
        "field": "body_text",
        "quote_resolves": true,
        "snapshot_hash_linked": true
      },
      {
        "target": "B_detail_1",
        "field": "title",
        "quote_resolves": true,
        "snapshot_hash_linked": true
      },
      {
        "target": "B_detail_1",
        "field": "published_at",
        "quote_resolves": true,
        "snapshot_hash_linked": true
      },
      {
        "target": "B_detail_1",
        "field": "body_text",
        "quote_resolves": true,
        "snapshot_hash_linked": true
      },
      {
        "target": "H_detail_1",
        "field": "title",
        "quote_resolves": true,
        "snapshot_hash_linked": true
      },
      {
        "target": "H_detail_1",
        "field": "published_at",
        "quote_resolves": true,
        "snapshot_hash_linked": true
      },
      {
        "target": "H_detail_1",
        "field": "body_text",
        "quote_resolves": true,
        "snapshot_hash_linked": true
      },
      {
        "target": "D_company",
        "field": "company_name",
        "quote_resolves": true,
        "snapshot_hash_linked": true
      },
      {
        "target": "D_company",
        "field": "company_number",
        "quote_resolves": true,
        "snapshot_hash_linked": true
      },
      {
        "target": "D_company",
        "field": "registered_office_address",
        "quote_resolves": true,
        "snapshot_hash_linked": true
      },
      {
        "target": "D_company",
        "field": "company_status",
        "quote_resolves": true,
        "snapshot_hash_linked": true
      },
      {
        "target": "D_company",
        "field": "company_type",
        "quote_resolves": true,
        "snapshot_hash_linked": true
      },
      {
        "target": "D_company",
        "field": "incorporated_on",
        "quote_resolves": true,
        "snapshot_hash_linked": true
      },
      {
        "target": "D_company",
        "field": "nature_of_business",
        "quote_resolves": true,
        "snapshot_hash_linked": true
      },
      {
        "target": "D_company",
        "field": "previous_names",
        "quote_resolves": true,
        "snapshot_hash_linked": true
      },
      {
        "target": "D_company",
        "field": "accounts_next_due",
        "quote_resolves": true,
        "snapshot_hash_linked": true
      }
    ],
    "limitation": "XPath + prefix quote, not byte offsets or full-field structured proof"
  }
}
