robots A BLOCKED_POLICY
robots B ALLOWED_ROBOTS_UNAVAILABLE_4XX
robots C BLOCKED_POLICY
robots D ALLOWED_ROBOTS_UNAVAILABLE_4XX
robots E ALLOWED_ROBOTS_UNAVAILABLE_4XX
{
  "campaign_id": "paired-live-20261008T095127Z",
  "status": "STOPPED",
  "client_requests": 8,
  "credits_balance_delta": 0,
  "credits_reserved": 0
}
B_home firecrawl_cloud FETCHED 403
D_home scrapy FETCHED 200
D_home firecrawl_cloud FETCHED 200
D_company firecrawl_cloud FETCHED 200
D_company scrapy FETCHED 200
E_shell scrapy FETCHED 200
E_shell firecrawl_cloud FETCHED 200
E_iframe firecrawl_cloud FETCHED 200
E_iframe scrapy FETCHED 200
{
  "campaign_id": "paired-live-20261008T095127Z",
  "status": "COLLECTION_FINISHED_NOT_QUALITY_GRADED",
  "client_requests": 18,
  "credits_balance_delta": 9,
  "credits_reserved": 9
}
