{
  "campaign_id": "paired-live-20261008T095127Z",
  "status": "PARTIAL_PAIRED_URL_CONTENT_EVIDENCE",
  "frozen_candidate_urls": 16,
  "same_url_successful_operation_pairs": 4,
  "snapshot_quality_pairs": [
    "D_home",
    "D_company",
    "E_shell",
    "E_iframe"
  ],
  "strict_freshness_verified_pairs": 0,
  "credits_actual_balance_delta": 9,
  "client_requests": 18,
  "requests_by_engine": {
    "robots": 6,
    "scrapy": 4,
    "firecrawl_cloud": 8
  },
  "minimum_client_start_interval_s": 3.193000078201294,
  "field_evidence_scope": "Shared Recipe XPath/quote resolves, not provider-native field citations",
  "discovery_scope": "Fixed URL seeds. Parent targets verified offline, NOT a live discovery-driven scheduler or whole-site coverage.",
  "pdf_articles_revision_playwright": "NO_COMPARABLE_LIVE_RESULT_IN_THIS_ROUND",
  "cache_limitation": "Four current URL API/fetch pairs, four content-quality pairs, zero pairs with independent cloud freshness telemetry; do not promote to strict-live/performance ranking.",
  "framework_preference": null,
  "grader_sources_sha256": {
    "paired_quality.py": "f304660913422cce648e8b1a18cc9d8e5eb1bed04cb773a90b70786edc242607",
    "bench/recipes.py": "27ec80c042af999875de152cb66257c4d4f02c49a1988b517df43e994d21897e",
    "bench/extract.py": "39ab9d2df3f84bd49cb03122f868c86f158a2e22d1d396d0387f811a82303a52",
    "bench/revision.py": "08d048607ced4cbbea470135f91357963a45802fd6908f92288e99cd29da2929"
  }
}
