2026-10-08 15:57:12 [scrapy.utils.log] INFO: Scrapy 2.19.0 started (bot: sealbench)
2026-10-08 15:57:12 [scrapy.utils.log] INFO: Versions:
{'lxml': '6.1.3',
 'libxml2': '2.14.6',
 'cssselect': '1.5.0',
 'parsel': '1.12.1',
 'w3lib': '2.5.0',
 'Twisted': '26.4.0',
 'Python': '3.14.6 (main, Jun 11 2026, 03:55:33) [Clang 22.1.3 ]',
 'pyOpenSSL': '26.4.0 (OpenSSL 4.0.3 29 Sep 2026)',
 'cryptography': '50.0.2',
 'Platform': 'macOS-27.0.1-arm64-arm-64bit-Mach-O'}
2026-10-08 15:57:12 [scrapy.addons] INFO: Enabled addons:
[]
2026-10-08 15:57:12 [scrapy.middleware] INFO: Enabled extensions:
['scrapy.extensions.corestats.CoreStats',
 'scrapy.extensions.logcount.LogCount',
 'scrapy.extensions.memusage.MemoryUsage']
2026-10-08 15:57:12 [scrapy.crawler] INFO: Overridden settings:
{'BOT_NAME': 'sealbench',
 'CONCURRENT_REQUESTS': 4,
 'CONCURRENT_REQUESTS_PER_DOMAIN': 1,
 'COOKIES_ENABLED': False,
 'DNS_TIMEOUT': 20,
 'DOWNLOAD_DELAY': 3.0,
 'DOWNLOAD_MAXSIZE': 0,
 'DOWNLOAD_TIMEOUT': 40,
 'DOWNLOAD_WARNSIZE': 0,
 'LOGSTATS_INTERVAL': 0,
 'LOG_LEVEL': 'INFO',
 'RANDOMIZE_DOWNLOAD_DELAY': False,
 'REDIRECT_MAX_TIMES': 5,
 'REMOTE_CONTROL_ENABLED': False,
 'RETRY_TIMES': 1,
 'TELNETCONSOLE_ENABLED': False,
 'TELNETCONSOLE_PORT': None,
 'USER_AGENT': 'SEAL-Benchmark/0.1 (+research; contact: repository owner)'}
2026-10-08 15:57:12 [py.warnings] WARNING: .venv/lib/python3.14/site-packages/scrapy/core/engine.py:138: ScrapyDeprecationWarning: The RANDOMIZE_DOWNLOAD_DELAY setting is deprecated, use DOWNLOAD_DELAY_JITTER instead: it takes the magnitude of the random variation as a number, e.g. 0.5 for the ±50% that RANDOMIZE_DOWNLOAD_DELAY enables, or 0 to disable it.
  self.downloader: Downloader = downloader_cls(crawler)

2026-10-08 15:57:13 [scrapy.middleware] INFO: Enabled downloader middlewares:
['scrapy.downloadermiddlewares.offsite.OffsiteMiddleware',
 'scrapy.downloadermiddlewares.httpauth.HttpAuthMiddleware',
 'scrapy.downloadermiddlewares.downloadtimeout.DownloadTimeoutMiddleware',
 'scrapy.downloadermiddlewares.defaultheaders.DefaultHeadersMiddleware',
 'scrapy.downloadermiddlewares.useragent.UserAgentMiddleware',
 'scrapy.downloadermiddlewares.retry.RetryMiddleware',
 'scrapy.downloadermiddlewares.redirect.MetaRefreshMiddleware',
 'scrapy.downloadermiddlewares.httpcompression.HttpCompressionMiddleware',
 'scrapy.downloadermiddlewares.redirect.RedirectMiddleware',
 'scrapy.downloadermiddlewares.httpproxy.HttpProxyMiddleware',
 'scrapy.downloadermiddlewares.stats.DownloaderStats']
2026-10-08 15:57:13 [scrapy.middleware] INFO: Enabled spider middlewares:
['scrapy.spidermiddlewares.start.StartSpiderMiddleware',
 'scrapy.spidermiddlewares.httperror.HttpErrorMiddleware',
 'scrapy.spidermiddlewares.referer.RefererMiddleware',
 'scrapy.spidermiddlewares.urllength.UrlLengthMiddleware',
 'scrapy.spidermiddlewares.depth.DepthMiddleware',
 'scrapy.spidermiddlewares.metacopy.MetaCopyDetectionMiddleware']
2026-10-08 15:57:13 [scrapy.middleware] INFO: Enabled item pipelines:
[]
2026-10-08 15:57:13 [scrapy.core.engine] INFO: Spider opened
2026-10-08 15:57:33 [scrapy.core.engine] INFO: Closing spider (finished)
2026-10-08 15:57:33 [scrapy.statscollectors] INFO: Dumping Scrapy stats:
{'downloader/request_bytes': 4223,
 'downloader/request_count': 15,
 'downloader/request_method_count/GET': 15,
 'downloader/response_bytes': 500569,
 'downloader/response_count': 15,
 'downloader/response_status_count/200': 15,
 'elapsed_time_seconds': 20.051139582996257,
 'finish_reason': 'finished',
 'finish_time': datetime.datetime(2026, 10, 8, 7, 57, 33, 61714, tzinfo=datetime.timezone.utc),
 'httpcompression/response_bytes': 83043,
 'httpcompression/response_count': 2,
 'log_count/INFO': 1,
 'memusage/max': 87949312,
 'memusage/startup': 87949312,
 'request_depth_max': 1,
 'response_received_count': 15,
 'scheduler/dequeued': 15,
 'scheduler/dequeued/memory': 15,
 'scheduler/enqueued': 15,
 'scheduler/enqueued/memory': 15,
 'start_time': datetime.datetime(2026, 10, 8, 7, 57, 13, 10458, tzinfo=datetime.timezone.utc)}
2026-10-08 15:57:33 [scrapy.core.engine] INFO: Spider closed (finished)
{
  "phase": "scrapy_raw",
  "robots": 0,
  "requests": 15,
  "responses": 15,
  "statuses": {
    "downloader/response_status_count/200": 15
  },
  "budget": {
    "phase": "scrapy",
    "external_requests_this_run": 15,
    "prior_external_requests": 53,
    "external_requests_total": 68,
    "firecrawl_credits_this_run": 0
  }
}
