2026-10-08 16:00:51 [scrapy.utils.log] INFO: Scrapy 2.19.0 started (bot: sealbench)
2026-10-08 16:00:51 [scrapy.utils.log] INFO: Versions:
{'lxml': '6.1.3',
 'libxml2': '2.14.6',
 'cssselect': '1.5.0',
 'parsel': '1.12.1',
 'w3lib': '2.5.0',
 'Twisted': '26.4.0',
 'Python': '3.14.6 (main, Jun 11 2026, 03:55:33) [Clang 22.1.3 ]',
 'pyOpenSSL': '26.4.0 (OpenSSL 4.0.3 29 Sep 2026)',
 'cryptography': '50.0.2',
 'Platform': 'macOS-27.0.1-arm64-arm-64bit-Mach-O'}
2026-10-08 16:00:51 [scrapy.addons] INFO: Enabled addons:
[]
2026-10-08 16:00:51 [scrapy.middleware] INFO: Enabled extensions:
['scrapy.extensions.corestats.CoreStats',
 'scrapy.extensions.logcount.LogCount',
 'scrapy.extensions.memusage.MemoryUsage']
2026-10-08 16:00:51 [scrapy.crawler] INFO: Overridden settings:
{'BOT_NAME': 'sealbench',
 'CONCURRENT_REQUESTS': 4,
 'CONCURRENT_REQUESTS_PER_DOMAIN': 1,
 'COOKIES_ENABLED': False,
 'DNS_TIMEOUT': 20,
 'DOWNLOAD_DELAY': 3.0,
 'DOWNLOAD_MAXSIZE': 0,
 'DOWNLOAD_TIMEOUT': 40,
 'DOWNLOAD_WARNSIZE': 0,
 'LOGSTATS_INTERVAL': 0,
 'LOG_LEVEL': 'INFO',
 'RANDOMIZE_DOWNLOAD_DELAY': False,
 'REDIRECT_MAX_TIMES': 5,
 'REMOTE_CONTROL_ENABLED': False,
 'RETRY_TIMES': 1,
 'TELNETCONSOLE_ENABLED': False,
 'TELNETCONSOLE_PORT': None,
 'USER_AGENT': 'SEAL-Benchmark/0.1 (+research; contact: repository owner)'}
2026-10-08 16:00:51 [py.warnings] WARNING: .venv/lib/python3.14/site-packages/scrapy/core/engine.py:138: ScrapyDeprecationWarning: The RANDOMIZE_DOWNLOAD_DELAY setting is deprecated, use DOWNLOAD_DELAY_JITTER instead: it takes the magnitude of the random variation as a number, e.g. 0.5 for the ±50% that RANDOMIZE_DOWNLOAD_DELAY enables, or 0 to disable it.
  self.downloader: Downloader = downloader_cls(crawler)

2026-10-08 16:00:51 [scrapy.middleware] INFO: Enabled downloader middlewares:
['scrapy.downloadermiddlewares.offsite.OffsiteMiddleware',
 'scrapy.downloadermiddlewares.httpauth.HttpAuthMiddleware',
 'scrapy.downloadermiddlewares.downloadtimeout.DownloadTimeoutMiddleware',
 'scrapy.downloadermiddlewares.defaultheaders.DefaultHeadersMiddleware',
 'scrapy.downloadermiddlewares.useragent.UserAgentMiddleware',
 'scrapy.downloadermiddlewares.retry.RetryMiddleware',
 'scrapy.downloadermiddlewares.redirect.MetaRefreshMiddleware',
 'scrapy.downloadermiddlewares.httpcompression.HttpCompressionMiddleware',
 'scrapy.downloadermiddlewares.redirect.RedirectMiddleware',
 'scrapy.downloadermiddlewares.httpproxy.HttpProxyMiddleware',
 'scrapy.downloadermiddlewares.stats.DownloaderStats']
2026-10-08 16:00:51 [scrapy.middleware] INFO: Enabled spider middlewares:
['scrapy.spidermiddlewares.start.StartSpiderMiddleware',
 'scrapy.spidermiddlewares.httperror.HttpErrorMiddleware',
 'scrapy.spidermiddlewares.referer.RefererMiddleware',
 'scrapy.spidermiddlewares.urllength.UrlLengthMiddleware',
 'scrapy.spidermiddlewares.depth.DepthMiddleware',
 'scrapy.spidermiddlewares.metacopy.MetaCopyDetectionMiddleware']
2026-10-08 16:00:51 [scrapy.middleware] INFO: Enabled item pipelines:
[]
2026-10-08 16:00:51 [scrapy.core.engine] INFO: Spider opened
2026-10-08 16:00:51 [scrapy-playwright] INFO: Starting download handler. Versions: scrapy-playwright==0.0.48, Playwright==1.63.0
2026-10-08 16:00:51 [scrapy-playwright] INFO: Starting download handler. Versions: scrapy-playwright==0.0.48, Playwright==1.63.0
2026-10-08 16:00:51 [scrapy-playwright] INFO: Launching browser chromium
2026-10-08 16:00:52 [scrapy-playwright] INFO: Browser chromium launched
2026-10-08 16:00:53 [scrapy-playwright] WARNING: Closing page due to failed request: <GET https://www.creditchina.gov.cn/> exc_type=<class 'playwright._impl._errors.Error'> exc_msg=Page.content: Unable to retrieve content because the page is navigating and changing the content.
Traceback (most recent call last):
  File ".venv/lib/python3.14/site-packages/scrapy_playwright/handler.py", line 491, in _download_request_with_retry
    return await self._download_request_with_page(request, page, spider)
           ^^^^^^^^^^^^^^^^^^^^^^^^^^^^^^^^^^^^^^^^^^^^^^^^^^^^^^^^^^^^^
  File ".venv/lib/python3.14/site-packages/scrapy_playwright/handler.py", line 540, in _download_request_with_page
    body_str = await _get_page_content(
               ^^^^^^^^^^^^^^^^^^^^^^^^
    ...<5 lines>...
    )
    ^
  File ".venv/lib/python3.14/site-packages/scrapy_playwright/_utils.py", line 88, in _get_page_content
    return await page.content()
           ^^^^^^^^^^^^^^^^^^^^
  File ".venv/lib/python3.14/site-packages/playwright/async_api/_generated.py", line 9799, in content
    return mapping.from_maybe_impl(await self._impl_obj.content())
                                   ^^^^^^^^^^^^^^^^^^^^^^^^^^^^^^
  File ".venv/lib/python3.14/site-packages/playwright/_impl/_page.py", line 545, in content
    return await self._main_frame.content()
           ^^^^^^^^^^^^^^^^^^^^^^^^^^^^^^^^
  File ".venv/lib/python3.14/site-packages/playwright/_impl/_frame.py", line 501, in content
    return await self._channel.send("content", None)
           ^^^^^^^^^^^^^^^^^^^^^^^^^^^^^^^^^^^^^^^^^
  File ".venv/lib/python3.14/site-packages/playwright/_impl/_connection.py", line 76, in send
    return await self._connection.wrap_api_call(
           ^^^^^^^^^^^^^^^^^^^^^^^^^^^^^^^^^^^^^
    ...<3 lines>...
    )
    ^
  File ".venv/lib/python3.14/site-packages/playwright/_impl/_connection.py", line 632, in wrap_api_call
    raise rewrite_error(error, f"{parsed_st['apiName']}: {error}") from None
playwright._impl._errors.Error: Page.content: Unable to retrieve content because the page is navigating and changing the content.
