{
  "metrics": "results/metrics.json",
  "run_log": "results/run_log.json",
  "hashed_artifacts": 99,
  "per_source_recipe_lines": {
    "A": 45,
    "B": 21,
    "D": 59,
    "E": 11,
    "H": 29
  },
  "live_scrapy": {
    "requests": 15,
    "http_200": 15,
    "quality_note": "15 HTTP responses != 15 successful documents",
    "wall_seconds": 20.051139582996257,
    "response_bytes_scrapy_stat": 500569,
    "saved_response_body_bytes": 556108,
    "download_latency_median_seconds": 0.467,
    "download_latency_range_seconds": [
      0.076,
      3.72
    ],
    "peak_rss_bytes_scrapy_sampled": 87949312,
    "timing_caveat": "single mixed-site run, scheduling + delay included, historical policy caveats; no speed ranking"
  },
  "local_raw_s": 18.626861500088125,
  "local_browser_s": 18.18955454195384,
  "acceptance": [
    46,
    0
  ]
}
